  Determining projects to restore...
  All projects are up-to-date for restore.
C:\Users\Damien Mazeas\Desktop\portfolio\Orange\RobotControllerApp\MainWindow.xaml.cs(111,17): error CS0103: The name 'TelemJoints' does not exist in the current context [C:\Users\Damien Mazeas\Desktop\portfolio\Orange\RobotControllerApp\RobotControllerApp.csproj]
C:\Users\Damien Mazeas\Desktop\portfolio\Orange\RobotControllerApp\MainWindow.xaml.cs(116,17): error CS0103: The name 'TelemFps' does not exist in the current context [C:\Users\Damien Mazeas\Desktop\portfolio\Orange\RobotControllerApp\RobotControllerApp.csproj]
C:\Users\Damien Mazeas\Desktop\portfolio\Orange\RobotControllerApp\MainWindow.xaml.cs(117,31): error CS0103: The name 'TelemFps' does not exist in the current context [C:\Users\Damien Mazeas\Desktop\portfolio\Orange\RobotControllerApp\RobotControllerApp.csproj]
C:\Users\Damien Mazeas\Desktop\portfolio\Orange\RobotControllerApp\MainWindow.xaml.cs(118,36): error CS0103: The name 'TelemFps' does not exist in the current context [C:\Users\Damien Mazeas\Desktop\portfolio\Orange\RobotControllerApp\RobotControllerApp.csproj]
C:\Users\Damien Mazeas\Desktop\portfolio\Orange\RobotControllerApp\MainWindow.xaml.cs(119,22): error CS0103: The name 'TelemFps' does not exist in the current context [C:\Users\Damien Mazeas\Desktop\portfolio\Orange\RobotControllerApp\RobotControllerApp.csproj]
C:\Users\Damien Mazeas\Desktop\portfolio\Orange\RobotControllerApp\MainWindow.xaml.cs(121,17): error CS0103: The name 'TelemTotalImages' does not exist in the current context [C:\Users\Damien Mazeas\Desktop\portfolio\Orange\RobotControllerApp\RobotControllerApp.csproj]
C:\Users\Damien Mazeas\Desktop\portfolio\Orange\RobotControllerApp\MainWindow.xaml.cs(122,17): error CS0103: The name 'TelemBufferBar' does not exist in the current context [C:\Users\Damien Mazeas\Desktop\portfolio\Orange\RobotControllerApp\RobotControllerApp.csproj]
C:\Users\Damien Mazeas\Desktop\portfolio\Orange\RobotControllerApp\MainWindow.xaml.cs(133,29): error CS0103: The name 'TelemGripper' does not exist in the current context [C:\Users\Damien Mazeas\Desktop\portfolio\Orange\RobotControllerApp\RobotControllerApp.csproj]
C:\Users\Damien Mazeas\Desktop\portfolio\Orange\RobotControllerApp\MainWindow.xaml.cs(135,29): error CS0103: The name 'TelemGripper' does not exist in the current context [C:\Users\Damien Mazeas\Desktop\portfolio\Orange\RobotControllerApp\RobotControllerApp.csproj]
C:\Users\Damien Mazeas\Desktop\portfolio\Orange\RobotControllerApp\MainWindow.xaml.cs(149,29): error CS0103: The name 'TelemMode' does not exist in the current context [C:\Users\Damien Mazeas\Desktop\portfolio\Orange\RobotControllerApp\RobotControllerApp.csproj]
C:\Users\Damien Mazeas\Desktop\portfolio\Orange\RobotControllerApp\MainWindow.xaml.cs(151,29): error CS0103: The name 'TelemMode' does not exist in the current context [C:\Users\Damien Mazeas\Desktop\portfolio\Orange\RobotControllerApp\RobotControllerApp.csproj]
C:\Users\Damien Mazeas\Desktop\portfolio\Orange\RobotControllerApp\MainWindow.xaml.cs(166,21): error CS0103: The name 'TelemUnityLatency' does not exist in the current context [C:\Users\Damien Mazeas\Desktop\portfolio\Orange\RobotControllerApp\RobotControllerApp.csproj]
C:\Users\Damien Mazeas\Desktop\portfolio\Orange\RobotControllerApp\MainWindow.xaml.cs(168,35): error CS0103: The name 'TelemUnityLatency' does not exist in the current context [C:\Users\Damien Mazeas\Desktop\portfolio\Orange\RobotControllerApp\RobotControllerApp.csproj]
C:\Users\Damien Mazeas\Desktop\portfolio\Orange\RobotControllerApp\MainWindow.xaml.cs(169,39): error CS0103: The name 'TelemUnityLatency' does not exist in the current context [C:\Users\Damien Mazeas\Desktop\portfolio\Orange\RobotControllerApp\RobotControllerApp.csproj]
C:\Users\Damien Mazeas\Desktop\portfolio\Orange\RobotControllerApp\MainWindow.xaml.cs(170,26): error CS0103: The name 'TelemUnityLatency' does not exist in the current context [C:\Users\Damien Mazeas\Desktop\portfolio\Orange\RobotControllerApp\RobotControllerApp.csproj]
C:\NuGetPackages\microsoft.windowsappsdk.winui\1.8.260204000\buildTransitive\Microsoft.UI.Xaml.Markup.Compiler.interop.targets(845,9): error MSB3073: The command ""C:\NuGetPackages\microsoft.windowsappsdk.winui\1.8.260204000\buildTransitive\..\tools\net6.0\..\net472\XamlCompiler.exe" "obj\ARM64\Debug\net8.0-windows10.0.19041.0\win-arm64\\input.json" "obj\ARM64\Debug\net8.0-windows10.0.19041.0\win-arm64\\output.json"" exited with code 1. [C:\Users\Damien Mazeas\Desktop\portfolio\Orange\RobotControllerApp\RobotControllerApp.csproj]

Build FAILED.

C:\Users\Damien Mazeas\Desktop\portfolio\Orange\RobotControllerApp\MainWindow.xaml.cs(111,17): error CS0103: The name 'TelemJoints' does not exist in the current context [C:\Users\Damien Mazeas\Desktop\portfolio\Orange\RobotControllerApp\RobotControllerApp.csproj]
C:\Users\Damien Mazeas\Desktop\portfolio\Orange\RobotControllerApp\MainWindow.xaml.cs(116,17): error CS0103: The name 'TelemFps' does not exist in the current context [C:\Users\Damien Mazeas\Desktop\portfolio\Orange\RobotControllerApp\RobotControllerApp.csproj]
C:\Users\Damien Mazeas\Desktop\portfolio\Orange\RobotControllerApp\MainWindow.xaml.cs(117,31): error CS0103: The name 'TelemFps' does not exist in the current context [C:\Users\Damien Mazeas\Desktop\portfolio\Orange\RobotControllerApp\RobotControllerApp.csproj]
C:\Users\Damien Mazeas\Desktop\portfolio\Orange\RobotControllerApp\MainWindow.xaml.cs(118,36): error CS0103: The name 'TelemFps' does not exist in the current context [C:\Users\Damien Mazeas\Desktop\portfolio\Orange\RobotControllerApp\RobotControllerApp.csproj]
C:\Users\Damien Mazeas\Desktop\portfolio\Orange\RobotControllerApp\MainWindow.xaml.cs(119,22): error CS0103: The name 'TelemFps' does not exist in the current context [C:\Users\Damien Mazeas\Desktop\portfolio\Orange\RobotControllerApp\RobotControllerApp.csproj]
C:\Users\Damien Mazeas\Desktop\portfolio\Orange\RobotControllerApp\MainWindow.xaml.cs(121,17): error CS0103: The name 'TelemTotalImages' does not exist in the current context [C:\Users\Damien Mazeas\Desktop\portfolio\Orange\RobotControllerApp\RobotControllerApp.csproj]
C:\Users\Damien Mazeas\Desktop\portfolio\Orange\RobotControllerApp\MainWindow.xaml.cs(122,17): error CS0103: The name 'TelemBufferBar' does not exist in the current context [C:\Users\Damien Mazeas\Desktop\portfolio\Orange\RobotControllerApp\RobotControllerApp.csproj]
C:\Users\Damien Mazeas\Desktop\portfolio\Orange\RobotControllerApp\MainWindow.xaml.cs(133,29): error CS0103: The name 'TelemGripper' does not exist in the current context [C:\Users\Damien Mazeas\Desktop\portfolio\Orange\RobotControllerApp\RobotControllerApp.csproj]
C:\Users\Damien Mazeas\Desktop\portfolio\Orange\RobotControllerApp\MainWindow.xaml.cs(135,29): error CS0103: The name 'TelemGripper' does not exist in the current context [C:\Users\Damien Mazeas\Desktop\portfolio\Orange\RobotControllerApp\RobotControllerApp.csproj]
C:\Users\Damien Mazeas\Desktop\portfolio\Orange\RobotControllerApp\MainWindow.xaml.cs(149,29): error CS0103: The name 'TelemMode' does not exist in the current context [C:\Users\Damien Mazeas\Desktop\portfolio\Orange\RobotControllerApp\RobotControllerApp.csproj]
C:\Users\Damien Mazeas\Desktop\portfolio\Orange\RobotControllerApp\MainWindow.xaml.cs(151,29): error CS0103: The name 'TelemMode' does not exist in the current context [C:\Users\Damien Mazeas\Desktop\portfolio\Orange\RobotControllerApp\RobotControllerApp.csproj]
C:\Users\Damien Mazeas\Desktop\portfolio\Orange\RobotControllerApp\MainWindow.xaml.cs(166,21): error CS0103: The name 'TelemUnityLatency' does not exist in the current context [C:\Users\Damien Mazeas\Desktop\portfolio\Orange\RobotControllerApp\RobotControllerApp.csproj]
C:\Users\Damien Mazeas\Desktop\portfolio\Orange\RobotControllerApp\MainWindow.xaml.cs(168,35): error CS0103: The name 'TelemUnityLatency' does not exist in the current context [C:\Users\Damien Mazeas\Desktop\portfolio\Orange\RobotControllerApp\RobotControllerApp.csproj]
C:\Users\Damien Mazeas\Desktop\portfolio\Orange\RobotControllerApp\MainWindow.xaml.cs(169,39): error CS0103: The name 'TelemUnityLatency' does not exist in the current context [C:\Users\Damien Mazeas\Desktop\portfolio\Orange\RobotControllerApp\RobotControllerApp.csproj]
C:\Users\Damien Mazeas\Desktop\portfolio\Orange\RobotControllerApp\MainWindow.xaml.cs(170,26): error CS0103: The name 'TelemUnityLatency' does not exist in the current context [C:\Users\Damien Mazeas\Desktop\portfolio\Orange\RobotControllerApp\RobotControllerApp.csproj]
C:\NuGetPackages\microsoft.windowsappsdk.winui\1.8.260204000\buildTransitive\Microsoft.UI.Xaml.Markup.Compiler.interop.targets(845,9): error MSB3073: The command ""C:\NuGetPackages\microsoft.windowsappsdk.winui\1.8.260204000\buildTransitive\..\tools\net6.0\..\net472\XamlCompiler.exe" "obj\ARM64\Debug\net8.0-windows10.0.19041.0\win-arm64\\input.json" "obj\ARM64\Debug\net8.0-windows10.0.19041.0\win-arm64\\output.json"" exited with code 1. [C:\Users\Damien Mazeas\Desktop\portfolio\Orange\RobotControllerApp\RobotControllerApp.csproj]
    0 Warning(s)
    16 Error(s)

Time Elapsed 00:00:07.04
